基线 assembly_steps_pdf.py sha=96371b7b5d41
基线 assembly_steps.py sha=c891db11e408
基线 commands_drawing.py sha=7185ce2533b3
基线 doc_reference_census.py sha=96f46d4fb6b7
[KILLED     ] Y1-absent-image-gets-a-placeholder  1 failed, 49 passed, 24 warnings in 76.85s (0:01:16)
              开火: tests/test_assembly_steps_pdf.py::test_absence_of_an_image_is_stated_in_the_document
[KILLED     ] Y2-document-stops-stating-the-absence  1 failed, 49 passed, 24 warnings in 34.98s
              开火: tests/test_assembly_steps_pdf.py::test_absence_of_an_image_is_stated_in_the_document
[KILLED     ] Y3-rejection-moved-back-after-the-write  2 failed, 48 passed, 24 warnings in 42.56s
              开火: tests/test_assembly_steps_pdf.py::test_image_without_pdf_is_refused_not_ignored
              开火: tests/test_doc_reference_census.py::test_json_artifact_matches_in_process_reading
[KILLED     ] Y4-cli-treats-blank-flag-as-not-given  2 failed, 48 passed, 24 warnings in 47.12s
              开火: tests/test_assembly_steps_pdf.py::test_cli_refuses_blank_draw_image - ...
              开火: tests/test_doc_reference_census.py::test_json_artifact_matches_in_process_reading
[KILLED     ] Y5-image-key-omitted-not-none  1 failed, 49 passed, 24 warnings in 35.58s
              开火: tests/test_assembly_steps_pdf.py::test_absence_of_an_image_is_stated_in_the_document
[KILLED     ] Y6-pixel-reading-fabricated  1 failed, 49 passed, 24 warnings in 43.36s
              开火: tests/test_assembly_steps_pdf.py::test_draw_image_lands_in_the_pdf_without_killing_the_text
[KILLED     ] Y7-image-sha-not-the-real-file  1 failed, 49 passed, 24 warnings in 28.28s
              开火: tests/test_assembly_steps_pdf.py::test_draw_image_lands_in_the_pdf_without_killing_the_text
[KILLED     ] Y8-stale-boundary-item-put-back  2 failed, 48 passed, 24 warnings in 19.61s
              开火: tests/test_assembly_steps_pdf.py::test_the_frame_and_the_body_declare_one_boundary
              开火: tests/test_cad_assembly_steps.py::TestEvidenceSidecar::test_evidence_names_what_the_document_does_not_carry
[KILLED     ] Y9-frame-keeps-its-own-copy-of-the-boundary  1 failed, 49 passed, 24 warnings in 13.31s
              开火: tests/test_assembly_steps_pdf.py::test_the_frame_and_the_body_declare_one_boundary
[KILLED     ] Y10-census-sort-lost-its-total-order  1 failed, 43 passed, 24 warnings, 6 errors in 12.83s
              开火: tests/test_doc_reference_census.py::test_history_face_sorts_when_line_shapes_mix
合计 KILLED 10 / 10，其余 0
